// Jest Snapshot v1, https://goo.gl/fbAQLP

exports[`Form should render correctly 1`] = `
<form
  autoComplete="off"
  noValidate={true}
>
  <WithStyles(Grid)
    container={true}
    spacing={16}
  >
    <WithStyles(Grid)
      item={true}
      sm={6}
      xs={12}
    >
      <TextField
        id="q"
        label="Search"
        margin="normal"
        onChange={[Function]}
        required={false}
        select={false}
        value=""
        variant="outlined"
      />
      <TextField
        id="stars"
        label="Stars"
        margin="normal"
        onBlur={[Function]}
        onChange={[Function]}
        required={false}
        select={false}
        value=""
        variant="outlined"
      />
    </WithStyles(Grid)>
    <WithStyles(Grid)
      item={true}
      sm={6}
      xs={12}
    >
      <WithStyles(FormControl)
        variant="outlined"
      >
        <WithStyles(WithFormControlContext(InputLabel))
          htmlFor="license"
        >
          License
        </WithStyles(WithFormControlContext(InputLabel))>
        <WithStyles(WithFormControlContext(Select))
          inputProps={
            Object {
              "id": "license",
              "name": "license",
            }
          }
          native={true}
          onChange={[Function]}
          value=""
        >
          <option
            value=""
          />
          <option
            key="mit"
            value="mit"
          >
            MIT
          </option>
          <option
            key="isc"
            value="isc"
          >
            ISC
          </option>
          <option
            key="apache-2.0"
            value="apache-2.0"
          >
            Apache license 2.0
          </option>
          <option
            key="gpl"
            value="gpl"
          >
            GNU General Public License family
          </option>
        </WithStyles(WithFormControlContext(Select))>
      </WithStyles(FormControl)>
      <WithStyles(WithFormControlContext(FormControlLabel))
        control={
          <WithStyles(Checkbox)
            checked={false}
            id="forked"
            onChange={[Function]}
          />
        }
        label="Include Forked"
      />
    </WithStyles(Grid)>
  </WithStyles(Grid)>
  <WithStyles(Grid)
    container={true}
  >
    <WithStyles(Grid)
      item={true}
      xs={12}
    >
      <WithStyles(Button)
        color="primary"
        elevation={0}
        variant="contained"
      >
        Search
      </WithStyles(Button)>
    </WithStyles(Grid)>
  </WithStyles(Grid)>
</form>
`;
